------------------------------------------------------------
Timing Analyzer Summary
------------------------------------------------------------

Type  : Slow 1100mV 100C Model Setup 'clk'
Slack : -0.811
TNS   : -230.553

Type  : Slow 1100mV 100C Model Hold 'clk'
Slack : 0.417
TNS   : 0.000

Type  : Slow 1100mV 100C Model Minimum Pulse Width 'clk'
Slack : 3.605
TNS   : 0.000

Type  : Slow 1100mV -40C Model Setup 'clk'
Slack : -1.042
TNS   : -556.148

Type  : Slow 1100mV -40C Model Hold 'clk'
Slack : 0.403
TNS   : 0.000

Type  : Slow 1100mV -40C Model Minimum Pulse Width 'clk'
Slack : 3.527
TNS   : 0.000

Type  : Fast 1100mV 100C Model Setup 'clk'
Slack : 3.903
TNS   : 0.000

Type  : Fast 1100mV 100C Model Hold 'clk'
Slack : 0.182
TNS   : 0.000

Type  : Fast 1100mV 100C Model Minimum Pulse Width 'clk'
Slack : 3.793
TNS   : 0.000

Type  : Fast 1100mV -40C Model Setup 'clk'
Slack : 4.896
TNS   : 0.000

Type  : Fast 1100mV -40C Model Hold 'clk'
Slack : 0.168
TNS   : 0.000

Type  : Fast 1100mV -40C Model Minimum Pulse Width 'clk'
Slack : 3.785
TNS   : 0.000

------------------------------------------------------------
