------------------------------------------------------------
Timing Analyzer Summary
------------------------------------------------------------

Type  : Slow 1100mV 100C Model Setup 'clk'
Slack : 0.195
TNS   : 0.000

Type  : Slow 1100mV 100C Model Hold 'clk'
Slack : 0.416
TNS   : 0.000

Type  : Slow 1100mV 100C Model Minimum Pulse Width 'clk'
Slack : 3.615
TNS   : 0.000

Type  : Slow 1100mV -40C Model Setup 'clk'
Slack : -0.156
TNS   : -0.373

Type  : Slow 1100mV -40C Model Hold 'clk'
Slack : 0.392
TNS   : 0.000

Type  : Slow 1100mV -40C Model Minimum Pulse Width 'clk'
Slack : 3.541
TNS   : 0.000

Type  : Fast 1100mV 100C Model Setup 'clk'
Slack : 5.000
TNS   : 0.000

Type  : Fast 1100mV 100C Model Hold 'clk'
Slack : 0.181
TNS   : 0.000

Type  : Fast 1100mV 100C Model Minimum Pulse Width 'clk'
Slack : 3.794
TNS   : 0.000

Type  : Fast 1100mV -40C Model Setup 'clk'
Slack : 5.459
TNS   : 0.000

Type  : Fast 1100mV -40C Model Hold 'clk'
Slack : 0.168
TNS   : 0.000

Type  : Fast 1100mV -40C Model Minimum Pulse Width 'clk'
Slack : 3.785
TNS   : 0.000

------------------------------------------------------------
